== (a) DP-SGD / Poisson ==
baseline eps(nm=0.5622) = 3.0004   [0.3s]
single-release relative error at sigma_h=nm: 4.97%
EMA factors: {0.9: 0.2294, 0.95: 0.1601, 0.99: 0.0709}
  rho  grad x  r 1-step  r ema.95  r ema.99  sig_h eq  eps hold  1/nm^2 chk
 0.05   1.025     22.8%      3.6%      1.6%     2.576     3.417      1.0000  [0.3s]
 0.10   1.049     16.5%      2.6%      1.2%     1.865     3.703      1.0000  [0.3s]
 0.25   1.118     11.1%      1.8%      0.8%     1.257     4.453      1.0000  [0.3s]
 0.50   1.225      8.6%      1.4%      0.6%     0.974     5.443      1.0000  [0.4s]

== (b) band-MF bands=64 ==
n=2048: bands=64 sens=1.0000 c[0]=0.4590 c[1]=0.2539 c[-1]=0.07137  [3.6s]
  ||row_t(C^-1)|| at t=0,1,63,64,127,512,n-1: [2.1788, 2.4898, 2.5168, 2.5389, 2.5399, 2.5406, 2.5406]
  EMA b=.95     noise factor at t=[63, 127, 511, 2047]: [0.1239, 0.1279, 0.1285, 0.1285]   (iid DP-SGD equivalent 0.1601)
  EMA b=.99     noise factor at t=[63, 127, 511, 2047]: [0.0261, 0.0273, 0.0275, 0.0275]   (iid DP-SGD equivalent 0.0709)
  win-mean 64   noise factor at t=[63, 127, 511, 2047]: [0.0427, 0.0523, 0.0528, 0.0528]   (iid DP-SGD equivalent 0.1250)
  win-mean 256  noise factor at t=[63, 127, 511, 2047]: [0.0107, 0.0119, 0.0166, 0.0166]   (iid DP-SGD equivalent 0.0625)
n=15625: bands=64 sens=1.0000 c[0]=0.3218 c[1]=0.1998 c[-1]=0.08550  [54.9s]
  ||row_t(C^-1)|| at t=0,1,63,64,127,512,n-1: [3.1076, 3.6579, 3.6971, 3.7839, 3.7956, 3.8033, 3.8033]
  EMA b=.95     noise factor at t=[63, 127, 511, 15624]: [0.1691, 0.1806, 0.1846, 0.1846]   (iid DP-SGD equivalent 0.1601)
  EMA b=.99     noise factor at t=[63, 127, 511, 15624]: [0.0345, 0.0371, 0.0381, 0.0381]   (iid DP-SGD equivalent 0.0709)
  win-mean 64   noise factor at t=[63, 127, 511, 15624]: [0.055, 0.0654, 0.0666, 0.0666]   (iid DP-SGD equivalent 0.1250)
  win-mean 256  noise factor at t=[63, 127, 511, 15624]: [0.0137, 0.0153, 0.0216, 0.0216]   (iid DP-SGD equivalent 0.0625)
