\BOOKMARK [1][-]{section.1}{\376\377\000I\000n\000t\000r\000o\000d\000u\000c\000t\000i\000o\000n}{}% 1
\BOOKMARK [1][-]{section.2}{\376\377\000M\000a\000t\000r\000i\000x\000\040\000F\000a\000c\000t\000o\000r\000i\000z\000a\000t\000i\000o\000n\000,\000\040\000S\000e\000n\000s\000i\000t\000i\000v\000i\000t\000y\000,\000\040\000a\000n\000d\000\040\000E\000f\000f\000i\000c\000i\000e\000n\000t\000\040\000I\000m\000p\000l\000e\000m\000e\000n\000t\000a\000t\000i\000o\000n\000s}{}% 2
\BOOKMARK [1][-]{section.3}{\376\377\000A\000\040\000P\000a\000r\000t\000i\000c\000i\000p\000a\000t\000i\000o\000n\000\040\000S\000c\000h\000e\000m\000a\000\040\000f\000o\000r\000\040\000F\000L\000\040\000a\000n\000d\000\040\000t\000h\000e\000\040\000S\000e\000n\000s\000i\000t\000i\000v\000i\000t\000y\000\040\000o\000f\000\040\000B\000a\000n\000d\000e\000d\000\040\000M\000a\000t\000r\000i\000c\000e\000s}{}% 3
\BOOKMARK [1][-]{section.4}{\376\377\000O\000p\000t\000i\000m\000i\000z\000i\000n\000g\000\040\000B\000a\000n\000d\000e\000d\000\040\000M\000a\000t\000r\000i\000c\000e\000s}{}% 4
\BOOKMARK [1][-]{section.5}{\376\377\000A\000m\000p\000l\000i\000f\000i\000c\000a\000t\000i\000o\000n\000\040\000f\000o\000r\000\040\000B\000a\000n\000d\000e\000d\000\040\000M\000a\000t\000r\000i\000x\000\040\000M\000e\000c\000h\000a\000n\000i\000s\000m\000s}{}% 5
\BOOKMARK [1][-]{section.6}{\376\377\000E\000x\000p\000e\000r\000i\000m\000e\000n\000t\000s}{}% 6
\BOOKMARK [1][-]{section.7}{\376\377\000D\000i\000s\000c\000u\000s\000s\000i\000o\000n\000\040\000a\000n\000d\000\040\000L\000i\000m\000i\000t\000a\000t\000i\000o\000n\000s}{}% 7
\BOOKMARK [1][-]{appendix.A}{\376\377\000N\000o\000t\000a\000t\000i\000o\000n\000\040\000s\000u\000m\000m\000a\000r\000y}{}% 8
\BOOKMARK [2][-]{subsection.A.1}{\376\377\000I\000n\000t\000u\000i\000t\000i\000o\000n\000\040\000b\000e\000h\000i\000n\000d\000\040\000m\000f\000-\000d\000p\000-\000f\000t\000r\000l}{appendix.A}% 9
\BOOKMARK [1][-]{appendix.B}{\376\377\000D\000r\000o\000p\000p\000i\000n\000g\000\040\000t\000h\000e\000\040\000`\0003\003\001\0009\000`\0004\0002\000`\000"\003\007\0006\0001\0003\000A\000`\000`\0004\0005\000`\0004\0007\000`\000"\0006\0000\0003\000A\000d\000i\000a\000g\000\050\000X\000\051\000=\0001\000\040\000c\000o\000n\000s\000t\000r\000a\000i\000n\000t}{}% 10
\BOOKMARK [1][-]{appendix.C}{\376\377\000E\000m\000p\000i\000r\000i\000c\000a\000l\000\040\000e\000v\000a\000l\000u\000a\000t\000i\000o\000n\000\040\000o\000f\000\040\000b\000a\000n\000d\000e\000d\000\040\000m\000a\000t\000r\000i\000c\000e\000s}{}% 11
\BOOKMARK [1][-]{appendix.D}{\376\377\000E\000x\000a\000m\000p\000l\000e\000\040\000s\000t\000r\000u\000c\000t\000u\000r\000e\000s\000\040\000o\000f\000\040\000M\000F}{}% 12
\BOOKMARK [1][-]{appendix.E}{\376\377\000A\000l\000g\000o\000r\000i\000t\000h\000m\000s\000\040\000a\000n\000d\000\040\000A\000n\000a\000l\000y\000s\000i\000s\000\040\000f\000o\000r\000\040\000s\000e\000c\000:\000s\000e\000n\000s\000i\000t\000i\000v\000i\000t\000y}{}% 13
\BOOKMARK [2][-]{subsection.E.1}{\376\377\000A\000l\000g\000o\000r\000i\000t\000h\000m\000s}{appendix.E}% 14
\BOOKMARK [2][-]{subsection.E.2}{\376\377\000A\000n\000a\000l\000y\000s\000i\000s}{appendix.E}% 15
\BOOKMARK [1][-]{appendix.F}{\376\377\000A\000d\000d\000i\000t\000i\000o\000n\000a\000l\000\040\000A\000n\000a\000l\000y\000s\000i\000s\000\040\000f\000o\000r\000\040\000s\000e\000c\000:\000a\000m\000p\000l\000i\000f\000i\000c\000a\000t\000i\000o\000n}{}% 16
\BOOKMARK [2][-]{subsection.F.1}{\376\377\000A\000l\000g\000o\000r\000i\000t\000h\000m\000s\000\040\000f\000o\000r\000\040\000S\000a\000m\000p\000l\000i\000n\000g}{appendix.F}% 17
\BOOKMARK [2][-]{subsection.F.2}{\376\377\000G\000e\000n\000e\000r\000a\000l\000\040\000A\000m\000p\000l\000i\000f\000i\000c\000a\000t\000i\000o\000n\000\040\000S\000t\000a\000t\000e\000m\000e\000n\000t\000\040\000a\000n\000d\000\040\000P\000r\000o\000o\000f}{appendix.F}% 18
\BOOKMARK [2][-]{subsection.F.3}{\376\377\000C\000o\000r\000o\000l\000l\000a\000r\000i\000e\000s\000\040\000o\000f\000\040\000t\000h\000m\000:\000g\000e\000n\000e\000r\000a\000l\000-\000a\000m\000p\000l\000i\000f\000i\000c\000a\000t\000i\000o\000n}{appendix.F}% 19
\BOOKMARK [2][-]{subsection.F.4}{\376\377\000O\000p\000t\000i\000m\000i\000z\000i\000n\000g\000\040\000t\000h\000e\000\040\000n\000u\000m\000b\000e\000r\000\040\000o\000f\000\040\000b\000a\000n\000d\000s}{appendix.F}% 20
\BOOKMARK [2][-]{subsection.F.5}{\376\377\000A\000p\000p\000l\000y\000i\000n\000g\000\040\000B\000a\000n\000d\000M\000F\000\040\000w\000i\000t\000h\000\040\000P\000r\000i\000v\000a\000c\000y\000\040\000A\000m\000p\000l\000i\000f\000i\000c\000a\000t\000i\000o\000n}{appendix.F}% 21
\BOOKMARK [1][-]{appendix.G}{\376\377\000A\000d\000d\000i\000t\000i\000o\000n\000a\000l\000\040\000R\000M\000S\000E\000\040\000E\000x\000p\000e\000r\000i\000m\000e\000n\000t\000\040\000D\000e\000t\000a\000i\000l\000s}{}% 22
\BOOKMARK [2][-]{subsection.G.1}{\376\377\000O\000p\000t\000i\000m\000a\000l\000\040\000N\000u\000m\000b\000e\000r\000\040\000o\000f\000\040\000B\000a\000n\000d\000s}{appendix.G}% 23
\BOOKMARK [2][-]{subsection.G.2}{\376\377\000E\000x\000p\000l\000a\000i\000n\000i\000n\000g\000\040\000m\000a\000n\000y\000-\000e\000p\000o\000c\000h\000\040\000s\000e\000t\000t\000i\000n\000g}{appendix.G}% 24
\BOOKMARK [1][-]{appendix.H}{\376\377\000A\000d\000d\000i\000t\000i\000o\000n\000a\000l\000\040\000C\000I\000F\000A\000R\000-\0001\0000\000\040\000E\000x\000p\000e\000r\000i\000m\000e\000n\000t\000\040\000D\000e\000t\000a\000i\000l\000s}{}% 25
\BOOKMARK [2][-]{subsection.H.1}{\376\377\000S\000e\000t\000u\000p\000\040\000a\000n\000d\000\040\000T\000u\000n\000i\000n\000g}{appendix.H}% 26
\BOOKMARK [2][-]{subsection.H.2}{\376\377\000A\000d\000d\000i\000t\000i\000o\000n\000a\000l\000\040\000F\000i\000g\000u\000r\000e\000s}{appendix.H}% 27
\BOOKMARK [1][-]{appendix.I}{\376\377\000A\000d\000d\000i\000t\000i\000o\000n\000a\000l\000\040\000S\000t\000a\000c\000k\000O\000v\000e\000r\000f\000l\000o\000w\000\040\000N\000e\000x\000t\000-\000W\000o\000r\000d\000-\000P\000r\000e\000d\000i\000c\000t\000i\000o\000n\000\040\000E\000x\000p\000e\000r\000i\000m\000e\000n\000t\000\040\000D\000e\000t\000a\000i\000l\000s}{}% 28
\BOOKMARK [1][-]{appendix.J}{\376\377\000E\000f\000f\000i\000c\000i\000e\000n\000t\000\040\000M\000u\000l\000t\000i\000p\000l\000i\000c\000a\000t\000i\000o\000n\000\040\000a\000n\000d\000\040\000I\000n\000v\000e\000r\000s\000e\000\040\000o\000f\000\040\000B\000a\000n\000d\000e\000d\000\040\000M\000a\000t\000r\000i\000c\000e\000s}{}% 29
\BOOKMARK [1][-]{appendix.K}{\376\377\000A\000p\000p\000l\000i\000c\000a\000t\000i\000o\000n\000\040\000t\000o\000\040\000a\000\040\000R\000e\000a\000l\000-\000W\000o\000r\000l\000d\000\040\000C\000r\000o\000s\000s\000-\000D\000e\000v\000i\000c\000e\000\040\000F\000L\000\040\000S\000y\000s\000t\000e\000m}{}% 30
\BOOKMARK [2][-]{subsection.K.1}{\376\377\000R\000e\000p\000o\000r\000t\000i\000n\000g\000\040\000p\000r\000i\000v\000a\000c\000y\000\040\000g\000u\000a\000r\000a\000n\000t\000e\000e\000s}{appendix.K}% 31
