baseline  poisson(gaussian(1.0), q=5.120e-04) * 15625: eps=0.3415  [0.1s]
   eps-match unreachable: Budget epsilon(0.34150632018555654, delta=1e-06)=0.341506 not bracketed: neither endpoint of [0.5, 64.0] is privacy-safe
sigma_h= 1.0: eps(inside-Poisson het)=1.0003  eps(gaussian(nm_eff=0.7071))=0.9724  eps(outside-Poisson)=0.4894  eps-matched grad nm'=nan  [0.4s]
sigma_h= 2.0: eps(inside-Poisson het)=0.4289  eps(gaussian(nm_eff=0.8944))=0.4250  eps(outside-Poisson)=0.3686  eps-matched grad nm'=1.1613  [0.2s]
sigma_h= 4.0: eps(inside-Poisson het)=0.3643  eps(gaussian(nm_eff=0.9701))=0.3611  eps(outside-Poisson)=0.3482  eps-matched grad nm'=1.0380  [0.1s]
sigma_h= 8.0: eps(inside-Poisson het)=0.3494  eps(gaussian(nm_eff=0.9923))=0.3463  eps(outside-Poisson)=0.3436  eps-matched grad nm'=1.0129  [0.1s]

eps=3 regime: baseline nm=0.5622 (eps=2.9997)
  sigma_h=1.0x nm (0.5622): eps rises 3.0 -> 12.1936; eps-matched grad nm'=nan (xnan); analytic nm_eff=0.3976
  sigma_h=2.0x nm (1.1245): eps rises 3.0 -> 4.8115; eps-matched grad nm'=0.6548 (x1.1646); analytic nm_eff=0.5029
  sigma_h=4.0x nm (2.2489): eps rises 3.0 -> 3.5140; eps-matched grad nm'=0.5855 (x1.0414); analytic nm_eff=0.5454
  sigma_h=8.0x nm (4.4978): eps rises 3.0 -> 3.2078; eps-matched grad nm'=0.5714 (x1.0163); analytic nm_eff=0.5579

(f) joint per-group release (accounting stays gaussian(nm)); bounds C (grad), lambda (load):
  lambda/C=0.1   sigma_grad/(nm*C)=1.0488  sigma_load/(nm*lambda)=3.3166  isotropic sigma/(nm*C)=1.0050  Mahalanobis check=1.000000 (=1/nm^2=1.0)
  lambda/C=0.25  sigma_grad/(nm*C)=1.1180  sigma_load/(nm*lambda)=2.2361  isotropic sigma/(nm*C)=1.0308  Mahalanobis check=1.000000 (=1/nm^2=1.0)
  lambda/C=0.5   sigma_grad/(nm*C)=1.2247  sigma_load/(nm*lambda)=1.7321  isotropic sigma/(nm*C)=1.1180  Mahalanobis check=1.000000 (=1/nm^2=1.0)
  lambda/C=1.0   sigma_grad/(nm*C)=1.4142  sigma_load/(nm*lambda)=1.4142  isotropic sigma/(nm*C)=1.4142  Mahalanobis check=1.000000 (=1/nm^2=1.0)
total 33.1s

(g) context: eps of poisson(gaussian(sigma), q)*T vs sigma (why the sigma/sqrt2 collapse is expensive at small sigma):
  sigma=0.5: eps=4.7898
  sigma=0.6: eps=2.2479
  sigma=0.7071: eps=0.9725
  sigma=0.8: eps=0.5673
  sigma=1.0: eps=0.3415
  sigma=1.5: eps=0.1843
(h) independent second Poisson draw for the load statistic (2 subsampled releases/step):
  sigma_h=1.0: eps=0.4894 (baseline 0.3415)
  sigma_h=2.0: eps=0.3686 (baseline 0.3415)
  sigma_h=4.0: eps=0.3482 (baseline 0.3415)
