
rho=0.1: nm_h=1.8646 nm_eff=0.53827
 single-step UNsubsampled delta_at(eps):  composed(g|g_h)   joint g(nm_eff)   analytic Gaussian
   eps=0.5: 5.549561e-01   5.549561e-01   5.549562e-01
   eps=1.0: 4.585254e-01   4.585254e-01   4.585254e-01
   eps=2.0: 2.753775e-01   2.753775e-01   2.753775e-01
   eps=3.0: 1.362398e-01   1.362398e-01   1.362398e-01
 single-step POISSON delta_at(eps):  poisson(composed)   poisson(joint)
   eps=1.0: 4.822108e-08   4.820842e-08
   eps=2.0: 2.521860e-09   2.504495e-09
   eps=3.0: 1.666291e-10   1.489799e-10
 T-fold eps@1e-6: poisson(composed)*T = 3.7035   poisson(joint)*T = 3.5897
 separate-coin composition (poisson(g)|poisson(g_h))*T eps = 3.0033

rho=0.02: nm_h=4.0149 nm_eff=0.55677
 single-step UNsubsampled delta_at(eps):  composed(g|g_h)   joint g(nm_eff)   analytic Gaussian
   eps=0.5: 5.348850e-01   5.348850e-01   5.348850e-01
   eps=1.0: 4.354934e-01   4.354934e-01   4.354934e-01
   eps=2.0: 2.511534e-01   2.511534e-01   2.511534e-01
   eps=3.0: 1.173564e-01   1.173564e-01   1.173564e-01
 single-step POISSON delta_at(eps):  poisson(composed)   poisson(joint)
   eps=1.0: 2.308348e-08   2.306803e-08
   eps=2.0: 9.659792e-10   9.480686e-10
   eps=3.0: 6.320684e-11   4.517860e-11
 T-fold eps@1e-6: poisson(composed)*T = 3.2345   poisson(joint)*T = 3.1256
 separate-coin composition (poisson(g)|poisson(g_h))*T eps = 3.0010
