  attn_output = torch.nn.functional.scaled_dot_product_attention(
  return Variable._execution_engine.run_backward(  # Calls into the C++ engine to run the backward pass
[transformers] `use_cache=True` is incompatible with gradient checkpointing. Setting `use_cache=False`.
{
 "experts_impl": "grouped_mm",
 "experts_forward_patched": true,
 "causal_lm_forward_is_opaque_patched": false,
 "trainable_keys": [
  "model.layers.0.self_attn.k_proj.weight",
  "model.layers.0.self_attn.o_proj.weight",
  "model.layers.0.self_attn.q_proj.weight",
  "...",
  true
 ],
 "A_vmap_ok": true,
 "A_vmap_time_s": 1.323,
 "A_nlog_per_example": [
  2.0,
  2.0,
  2.0,
  2.0
 ],
 "A_probe_grad_eq_lam_d": true,
 "A_sum_h_eq_k": true,
 "A_sum_P_eq_1": true,
 "A_norm_d_max": 0.5612486004829407,
 "A_bound_Delta_h": 1.224744871391589,
 "B_h_vmap_vs_eager_maxabs": 0.0,
 "B_P_vmap_vs_eager_maxabs": 0.0,
 "B_grad_vmap_vs_eager_rel_per_example": [
  0.0,
  0.0,
  0.0,
  0.0
 ],
 "B_grad_vmap_vs_module_backward_rel": [
  0.0,
  0.0,
  0.0,
  0.0
 ],
 "C_pergroup_values": {
  "router_load_probe": 0.018000018,
  "fallback": 0.9
 },
 "C_mbNone_probe_leaf_eq_expected_maxabs": 1.1641532182693481e-10,
 "C_mbNone_probe_group_norm_max": 0.00824863649904728,
 "C_mbNone_probe_clip_rate": 0.0,
 "C_mbNone_fallback_norms": [
  3.569,
  5.4535,
  4.1763,
  4.1891
 ],
 "C_mbNone_max_norm_values": {
  "router_load_probe": 0.0036000036,
  "fallback": 0.18
 },
 "C_mb2_probe_leaf_eq_expected_maxabs": 1.1641532182693481e-10,
 "C_mb2_probe_group_norm_max": 0.00824863649904728,
 "C_mb2_probe_clip_rate": 0.0,
 "C_mb2_fallback_norms": [
  3.569,
  5.4535,
  4.1763,
  4.1891
 ],
 "C_mb2_max_norm_values": {
  "router_load_probe": 0.0036000036,
  "fallback": 0.18
 },
 "C_mb3_probe_leaf_eq_expected_maxabs": 1.1641532182693481e-10,
 "C_mb3_probe_group_norm_max": 0.00824863649904728,
 "C_mb3_probe_clip_rate": 0.0,
 "C_mb3_fallback_norms": [
  3.569,
  5.4535,
  4.1763,
  4.1891
 ],
 "C_mb3_max_norm_values": {
  "router_load_probe": 0.0036000036,
  "fallback": 0.18
 },
 "C_mb2_vs_none_rel": 4.7245038103937986e-08,
 "C_mb3_vs_none_rel": 0.0,
 "C_probe_sum_zero": 3.4924596548080444e-10,
 "D_gauss_sigma": {
  "router_load_probe": 0.014453687193637366,
  "fallback": 0.1022029511762386
 },
 "D_gauss_sigma_closed_form": {
  "fallback": 0.1022029511762386,
  "router_load_probe": 0.014453687193637363
 },
 "D_mahalanobis_nm2": 0.9999999999999999,
 "D_probe_noise_std_over_lam_in_kE_units": 3.9337953918012554,
 "D_mf_latch_ok_3_steps": true,
 "D_mf_sigma_per_step": [
  {
   "router_load_probe": 0.01646214192689032,
   "fallback": 0.11640486369117793
  },
  {
   "router_load_probe": 0.01798884676420658,
   "fallback": 0.12720029172683156
  },
  {
   "router_load_probe": 0.018031749629749752,
   "fallback": 0.12750366064672627
  }
 ],
 "E_ckpt_flags": [
  true,
  true
 ],
 "E_ckpt_vmap_ok": true,
 "E_ckpt_time_s": 1.792,
 "E_ckpt_nlog_per_example": [
  2.0,
  2.0,
  2.0,
  2.0
 ],
 "E_ckpt_h_maxabs_vs_nockpt": 0.0,
 "E_ckpt_grad_rel_vs_nockpt": 0.0,
 "E_ckpt_probe_grad_eq": true,
 "E_surrogate_grad_norm_ckpt": 1.224242091178894,
 "E_surrogate_grad_norm_nockpt": 1.224242091178894,
 "E_surrogate_grad_rel_ckpt_vs_nockpt": 0.0,
 "F_aux_hf_value": 2.025602102279663,
 "F_surrogate_value": 2.025602340698242,
 "F_fB_sum": 2.0,
 "F_grad_rel_surrogate_vs_hf": 2.180482283620222e-07,
 "F_grad_rel_equalweight_vs_hf_ragged": 0.15638406574726105,
 "F_lengths": [
  16,
  12,
  10,
  16
 ],
 "G_hf_output_router_logits_under_vmap": "RuntimeError: vmap: scatter_add_(self, *extra_args) is not possible because there exists a Tensor `other` in extra_args that has more ",
 "total_time_s": 27.4
}
